# serializer version: 1
# name: test_main_end_to_end[False]
  '''
                                       Hikes                                      
   ────────────────────────────────────────────────────────────────────────────── 
    ID   Date       Name       GPX     ➡ km      ⬈ m      ⬊ m         ⏱     km/h  
   ────────────────────────────────────────────────────────────────────────────── 
     2   2016-05…   Gina         ✗     17.8     2732     3346     03:28     5.12  
                    Lynch                                                         
     1   2023-06…   Paul         ✗     17.4     3268     2652     03:50     4.53  
                    Diaz                                                          
     3   2025-03…   John         ✗     14.9     2452      733     03:17     4.55  
                    Rhodes                                                        
   ────────────────────────────────────────────────────────────────────────────── 
         STATS      3                Σ 50.2   Σ 8452   Σ 6731   Σ 10:36   Σ    -  
                                     ⌀ 16.7   ⌀ 2817   ⌀ 2244   ⌀ 03:32   ⌀ 4.74  
                                     ↑ 17.8   ↑ 3268   ↑ 3346   ↑ 03:50   ↑ 5.12  
                                     ↓ 14.9   ↓ 2452   ↓  733   ↓ 03:17   ↓ 4.53  
   ────────────────────────────────────────────────────────────────────────────── 
  
  '''
# ---
# name: test_main_end_to_end[True]
  '''
                                       Hikes                                      
   ────────────────────────────────────────────────────────────────────────────── 
    ID   Date       Name       GPX     ➡ km      ⬈ m      ⬊ m         ⏱     km/h  
   ────────────────────────────────────────────────────────────────────────────── 
     2   2016-05…   Gina         ✗     17.8     2732     3346     03:28     5.12  
                    Lynch                                                         
     1   2023-06…   Paul         ✗     17.4     3268     2652     03:50     4.53  
                    Diaz                                                          
     3   2025-03…   John         ✗     14.9     2452      733     03:17     4.55  
                    Rhodes                                                        
   ────────────────────────────────────────────────────────────────────────────── 
         STATS      3                Σ 50.2   Σ 8452   Σ 6731   Σ 10:36   Σ    -  
                                     ⌀ 16.7   ⌀ 2817   ⌀ 2244   ⌀ 03:32   ⌀ 4.74  
                                     ↑ 17.8   ↑ 3268   ↑ 3346   ↑ 03:50   ↑ 5.12  
                                     ↓ 14.9   ↓ 2452   ↓  733   ↓ 03:17   ↓ 4.53  
   ────────────────────────────────────────────────────────────────────────────── 
  
  '''
# ---
# name: test_main_hiking_exception
  'Error: No hikes found with provided ID(s)'
# ---
# name: test_main_hiking_json_loader_exception
  '''
  Invalid data in hiking.json: Invalid JSON data:
  Missing fields: date, distance, duration, elevation_gain, elevation_loss, gpx_file, name
  Unknown fields: foo
  
  Expected format:
  [
      {
          "id": "$Integer (optional; update if present)",
          "name": "$String",
          "body": "$String",
          "date": "YYY-MM-DD",
          "distance": "$Foat",
          "elevation_gain": "$Integer",
          "elevation_loss": "$Integer",
          "duration": "$Integer",
          "gpx": "$String (path to file; optional)"
      }
  ]
  '''
# ---
