# name: test_main_end_to_end
  '''
  [3m                                   Hikes                                    [0m
   ────────────────────────────────────────────────────────────────────────── 
   [1m [0m[1mID[0m[1m [0m [1m [0m[1mDate      [0m[1m [0m [1m [0m[1mName    [0m[1m [0m [1m [0m[1m  ➡ km[0m[1m [0m [1m [0m[1m   ⬈ m[0m[1m [0m [1m [0m[1m   ⬊ m[0m[1m [0m [1m [0m[1m      ⏱[0m[1m [0m [1m [0m[1m  km/h[0m[1m [0m 
   ────────────────────────────────────────────────────────────────────────── 
     3   1984-09-24   Baz Hike     34.0      867      947     08:17     4.10  
     2   1984-09-23   Bar Hike     15.4      240      228     03:48     4.05  
     1   1984-09-22   Foo Hike     10.5     2040     2028     02:14     4.70  
   ────────────────────────────────────────────────────────────────────────── 
   [1m [0m[1m  [0m[1m [0m [1m [0m[1mSTATS     [0m[1m [0m [1m [0m[1m3       [0m[1m [0m [1m [0m[1mΣ [0m[1m59.9[0m[1m [0m [1m [0m[1mΣ [0m[1m3147[0m[1m [0m [1m [0m[1mΣ [0m[1m3203[0m[1m [0m [1m [0m[1mΣ [0m[1m14:19[0m[1m [0m [1m [0m[1mΣ [0m[1m   -[0m[1m [0m 
   [1m    [0m [1m            [0m [1m          [0m [1m [0m[1m⌀ [0m[1m20.0[0m[1m [0m [1m [0m[1m⌀ [0m[1m1049[0m[1m [0m [1m [0m[1m⌀ [0m[1m1068[0m[1m [0m [1m [0m[1m⌀ [0m[1m04:46[0m[1m [0m [1m [0m[1m⌀ [0m[1m4.29[0m[1m [0m 
   [1m    [0m [1m            [0m [1m          [0m [1m [0m[1m↑ [0m[1m34.0[0m[1m [0m [1m [0m[1m↑ [0m[1m2040[0m[1m [0m [1m [0m[1m↑ [0m[1m2028[0m[1m [0m [1m [0m[1m↑ [0m[1m08:17[0m[1m [0m [1m [0m[1m↑ [0m[1m4.70[0m[1m [0m 
   [1m    [0m [1m            [0m [1m          [0m [1m [0m[1m↓ [0m[1m10.5[0m[1m [0m [1m [0m[1m↓ [0m[1m 240[0m[1m [0m [1m [0m[1m↓ [0m[1m 228[0m[1m [0m [1m [0m[1m↓ [0m[1m02:14[0m[1m [0m [1m [0m[1m↓ [0m[1m4.05[0m[1m [0m 
   ────────────────────────────────────────────────────────────────────────── 
  
  '''
# ---
# name: test_main_hiking_exception
  'Error: No hikes found with provided ID(s)'
# ---
# name: test_main_hiking_json_loader_exception
  '''
  Invalid data in hiking.json: Invalid JSON data:
  Missing fields: date, distance, duration, elevation_gain, elevation_loss, gpx_file, name
  Unknown fields: foo
  
  Expected format:
  [
      {
          "id": "$Integer (optional; update if present)",
          "name": "$String",
          "body": "$String",
          "date": "YYY-MM-DD",
          "distance": "$Foat",
          "elevation_gain": "$Integer",
          "elevation_loss": "$Integer",
          "duration": "$Integer",
          "gpx": "$String (path to file; optional)"
      }
  ]
  '''
# ---
